br\com\example\controller\FerroviaController.class
br\com\example\controller\PortuarioController.class
br\com\example\model\Portuario.class
br\com\example\repository\ArmazemRepository.class
br\com\example\repository\FronteiraRepository.class
br\com\example\controller\PortoController.class
br\com\example\model\CidadeGemea.class
br\com\example\controller\AeroportoController.class
br\com\example\model\FluxoAereo.class
br\com\example\repository\EixoRodoviarioRepository.class
br\com\example\model\EstadoVO.class
br\com\example\controller\CidadeGemeaController.class
br\com\example\model\Fronteira.class
br\com\example\model\Aerodromo.class
br\com\example\model\CargaAeroportoVO.class
br\com\example\model\FluxoAereoVO.class
br\com\example\repository\CargaAeroportoRepository.class
br\com\example\repository\AerodromoRepository.class
br\com\example\model\CargaAeroporto.class
br\com\example\model\AerodromoVO.class
br\com\example\model\EixoRodoviario.class
br\com\example\model\EixoRodoviarioVO.class
br\com\example\repository\FerroviaRepository.class
br\com\example\model\PortuarioVO.class
br\com\example\repository\AeroportoRepository.class
br\com\example\repository\FluxoAereoRepository.class
br\com\example\model\AdmPorto.class
br\com\example\model\Ferrovia.class
br\com\example\model\PortoVO.class
br\com\example\controller\RodoviaController.class
br\com\example\controller\EstadoController.class
br\com\example\repository\PortoRepository.class
br\com\example\MeuProjetoApplication.class
br\com\example\controller\MunicipioController.class
br\com\example\model\ArmazemVO.class
br\com\example\repository\CidadeGemeaRepository.class
br\com\example\repository\MunicipioRepository.class
br\com\example\controller\AerodromoController.class
br\com\example\model\Porto.class
br\com\example\model\Rodovia.class
br\com\example\repository\RodoviaRepository.class
br\com\example\controller\EixoRodoviarioController.class
br\com\example\model\FronteiraVO.class
br\com\example\model\CidadeGemeaVO.class
br\com\example\controller\AdmPortoController.class
br\com\example\model\RodoviaVO.class
br\com\example\controller\CargaAeroportoController.class
br\com\example\model\FerroviaVO.class
br\com\example\model\AeroportoVO.class
br\com\example\controller\ArmazemController.class
br\com\example\model\AdmPortoVO.class
br\com\example\model\Municipio.class
br\com\example\controller\FronteiraController.class
br\com\example\repository\PortuarioRepository.class
br\com\example\model\Estado.class
br\com\example\model\Aeroporto.class
br\com\example\model\Armazem.class
br\com\example\model\MunicipioVO.class
br\com\example\controller\FluxoAereoController.class
br\com\example\repository\AdmPortoRepository.class
br\com\example\repository\EstadoRepository.class
