C:\Users\conta\Downloads\postgisSpringBootAPI(2nota)\postgisSpringBootAPI\src\main\java\br\com\example\controller\CidadeGemeaController.java
C:\Users\conta\Downloads\postgisSpringBootAPI(2nota)\postgisSpringBootAPI\src\main\java\br\com\example\model\Municipio.java
C:\Users\conta\Downloads\postgisSpringBootAPI(2nota)\postgisSpringBootAPI\src\main\java\br\com\example\controller\AdmPortoController.java
C:\Users\conta\Downloads\postgisSpringBootAPI(2nota)\postgisSpringBootAPI\src\main\java\br\com\example\model\FronteiraVO.java
C:\Users\conta\Downloads\postgisSpringBootAPI(2nota)\postgisSpringBootAPI\src\main\java\br\com\example\model\FluxoAereo.java
C:\Users\conta\Downloads\postgisSpringBootAPI(2nota)\postgisSpringBootAPI\src\main\java\br\com\example\model\Estado.java
C:\Users\conta\Downloads\postgisSpringBootAPI(2nota)\postgisSpringBootAPI\src\main\java\br\com\example\controller\EstadoController.java
C:\Users\conta\Downloads\postgisSpringBootAPI(2nota)\postgisSpringBootAPI\src\main\java\br\com\example\repository\PortoRepository.java
C:\Users\conta\Downloads\postgisSpringBootAPI(2nota)\postgisSpringBootAPI\src\main\java\br\com\example\repository\RodoviaRepository.java
C:\Users\conta\Downloads\postgisSpringBootAPI(2nota)\postgisSpringBootAPI\src\main\java\br\com\example\model\Portuario.java
C:\Users\conta\Downloads\postgisSpringBootAPI(2nota)\postgisSpringBootAPI\src\main\java\br\com\example\repository\AdmPortoRepository.java
C:\Users\conta\Downloads\postgisSpringBootAPI(2nota)\postgisSpringBootAPI\src\main\java\br\com\example\model\Aeroporto.java
C:\Users\conta\Downloads\postgisSpringBootAPI(2nota)\postgisSpringBootAPI\src\main\java\br\com\example\model\FluxoAereoVO.java
C:\Users\conta\Downloads\postgisSpringBootAPI(2nota)\postgisSpringBootAPI\src\main\java\br\com\example\repository\FluxoAereoRepository.java
C:\Users\conta\Downloads\postgisSpringBootAPI(2nota)\postgisSpringBootAPI\src\main\java\br\com\example\controller\FerroviaController.java
C:\Users\conta\Downloads\postgisSpringBootAPI(2nota)\postgisSpringBootAPI\src\main\java\br\com\example\repository\CargaAeroportoRepository.java
C:\Users\conta\Downloads\postgisSpringBootAPI(2nota)\postgisSpringBootAPI\src\main\java\br\com\example\model\CargaAeroporto.java
C:\Users\conta\Downloads\postgisSpringBootAPI(2nota)\postgisSpringBootAPI\src\main\java\br\com\example\model\FerroviaVO.java
C:\Users\conta\Downloads\postgisSpringBootAPI(2nota)\postgisSpringBootAPI\src\main\java\br\com\example\repository\FronteiraRepository.java
C:\Users\conta\Downloads\postgisSpringBootAPI(2nota)\postgisSpringBootAPI\src\main\java\br\com\example\model\AdmPortoVO.java
C:\Users\conta\Downloads\postgisSpringBootAPI(2nota)\postgisSpringBootAPI\src\main\java\br\com\example\model\CidadeGemea.java
C:\Users\conta\Downloads\postgisSpringBootAPI(2nota)\postgisSpringBootAPI\src\main\java\br\com\example\controller\MunicipioController.java
C:\Users\conta\Downloads\postgisSpringBootAPI(2nota)\postgisSpringBootAPI\src\main\java\br\com\example\model\CargaAeroportoVO.java
C:\Users\conta\Downloads\postgisSpringBootAPI(2nota)\postgisSpringBootAPI\src\main\java\br\com\example\model\Rodovia.java
C:\Users\conta\Downloads\postgisSpringBootAPI(2nota)\postgisSpringBootAPI\src\main\java\br\com\example\model\RodoviaVO.java
C:\Users\conta\Downloads\postgisSpringBootAPI(2nota)\postgisSpringBootAPI\src\main\java\br\com\example\controller\PortoController.java
C:\Users\conta\Downloads\postgisSpringBootAPI(2nota)\postgisSpringBootAPI\src\main\java\br\com\example\repository\FerroviaRepository.java
C:\Users\conta\Downloads\postgisSpringBootAPI(2nota)\postgisSpringBootAPI\src\main\java\br\com\example\controller\FronteiraController.java
C:\Users\conta\Downloads\postgisSpringBootAPI(2nota)\postgisSpringBootAPI\src\main\java\br\com\example\repository\CidadeGemeaRepository.java
C:\Users\conta\Downloads\postgisSpringBootAPI(2nota)\postgisSpringBootAPI\src\main\java\br\com\example\model\Armazem.java
C:\Users\conta\Downloads\postgisSpringBootAPI(2nota)\postgisSpringBootAPI\src\main\java\br\com\example\repository\EixoRodoviarioRepository.java
C:\Users\conta\Downloads\postgisSpringBootAPI(2nota)\postgisSpringBootAPI\src\main\java\br\com\example\repository\MunicipioRepository.java
C:\Users\conta\Downloads\postgisSpringBootAPI(2nota)\postgisSpringBootAPI\src\main\java\br\com\example\controller\EixoRodoviarioController.java
C:\Users\conta\Downloads\postgisSpringBootAPI(2nota)\postgisSpringBootAPI\src\main\java\br\com\example\repository\AeroportoRepository.java
C:\Users\conta\Downloads\postgisSpringBootAPI(2nota)\postgisSpringBootAPI\src\main\java\br\com\example\controller\ArmazemController.java
C:\Users\conta\Downloads\postgisSpringBootAPI(2nota)\postgisSpringBootAPI\src\main\java\br\com\example\model\EixoRodoviario.java
C:\Users\conta\Downloads\postgisSpringBootAPI(2nota)\postgisSpringBootAPI\src\main\java\br\com\example\controller\CargaAeroportoController.java
C:\Users\conta\Downloads\postgisSpringBootAPI(2nota)\postgisSpringBootAPI\src\main\java\br\com\example\model\ArmazemVO.java
C:\Users\conta\Downloads\postgisSpringBootAPI(2nota)\postgisSpringBootAPI\src\main\java\br\com\example\repository\AerodromoRepository.java
C:\Users\conta\Downloads\postgisSpringBootAPI(2nota)\postgisSpringBootAPI\src\main\java\br\com\example\controller\FluxoAereoController.java
C:\Users\conta\Downloads\postgisSpringBootAPI(2nota)\postgisSpringBootAPI\src\main\java\br\com\example\controller\AerodromoController.java
C:\Users\conta\Downloads\postgisSpringBootAPI(2nota)\postgisSpringBootAPI\src\main\java\br\com\example\model\EstadoVO.java
C:\Users\conta\Downloads\postgisSpringBootAPI(2nota)\postgisSpringBootAPI\src\main\java\br\com\example\model\AerodromoVO.java
C:\Users\conta\Downloads\postgisSpringBootAPI(2nota)\postgisSpringBootAPI\src\main\java\br\com\example\model\EixoRodoviarioVO.java
C:\Users\conta\Downloads\postgisSpringBootAPI(2nota)\postgisSpringBootAPI\src\main\java\br\com\example\model\AdmPorto.java
C:\Users\conta\Downloads\postgisSpringBootAPI(2nota)\postgisSpringBootAPI\src\main\java\br\com\example\model\MunicipioVO.java
C:\Users\conta\Downloads\postgisSpringBootAPI(2nota)\postgisSpringBootAPI\src\main\java\br\com\example\repository\ArmazemRepository.java
C:\Users\conta\Downloads\postgisSpringBootAPI(2nota)\postgisSpringBootAPI\src\main\java\br\com\example\model\AeroportoVO.java
C:\Users\conta\Downloads\postgisSpringBootAPI(2nota)\postgisSpringBootAPI\src\main\java\br\com\example\controller\PortuarioController.java
C:\Users\conta\Downloads\postgisSpringBootAPI(2nota)\postgisSpringBootAPI\src\main\java\br\com\example\model\CidadeGemeaVO.java
C:\Users\conta\Downloads\postgisSpringBootAPI(2nota)\postgisSpringBootAPI\src\main\java\br\com\example\model\Fronteira.java
C:\Users\conta\Downloads\postgisSpringBootAPI(2nota)\postgisSpringBootAPI\src\main\java\br\com\example\controller\RodoviaController.java
C:\Users\conta\Downloads\postgisSpringBootAPI(2nota)\postgisSpringBootAPI\src\main\java\br\com\example\MeuProjetoApplication.java
C:\Users\conta\Downloads\postgisSpringBootAPI(2nota)\postgisSpringBootAPI\src\main\java\br\com\example\model\Aerodromo.java
C:\Users\conta\Downloads\postgisSpringBootAPI(2nota)\postgisSpringBootAPI\src\main\java\br\com\example\model\Porto.java
C:\Users\conta\Downloads\postgisSpringBootAPI(2nota)\postgisSpringBootAPI\src\main\java\br\com\example\model\PortoVO.java
C:\Users\conta\Downloads\postgisSpringBootAPI(2nota)\postgisSpringBootAPI\src\main\java\br\com\example\controller\AeroportoController.java
C:\Users\conta\Downloads\postgisSpringBootAPI(2nota)\postgisSpringBootAPI\src\main\java\br\com\example\repository\EstadoRepository.java
C:\Users\conta\Downloads\postgisSpringBootAPI(2nota)\postgisSpringBootAPI\src\main\java\br\com\example\repository\PortuarioRepository.java
C:\Users\conta\Downloads\postgisSpringBootAPI(2nota)\postgisSpringBootAPI\src\main\java\br\com\example\model\Ferrovia.java
C:\Users\conta\Downloads\postgisSpringBootAPI(2nota)\postgisSpringBootAPI\src\main\java\br\com\example\model\PortuarioVO.java
